nohup: ignoring input
2025-05-14 23:09:24.483957: I tensorflow/core/util/port.cc:110] oneDNN custom operations are on. You may see slightly different numerical results due to floating-point round-off errors from different computation orders. To turn them off, set the environment variable `TF_ENABLE_ONEDNN_OPTS=0`.
2025-05-14 23:09:24.486077: I tensorflow/tsl/cuda/cudart_stub.cc:28] Could not find cuda drivers on your machine, GPU will not be used.
2025-05-14 23:09:24.527093: I tensorflow/tsl/cuda/cudart_stub.cc:28] Could not find cuda drivers on your machine, GPU will not be used.
2025-05-14 23:09:24.527521: I tensorflow/core/platform/cpu_feature_guard.cc:182] This TensorFlow binary is optimized to use available CPU instructions in performance-critical operations.
To enable the following instructions: AVX2 AVX512F AVX512_VNNI AVX512_BF16 FMA, in other operations, rebuild TensorFlow with the appropriate compiler flags.
2025-05-14 23:09:27.206823: W tensorflow/compiler/tf2tensorrt/utils/py_utils.cc:38] TF-TRT Warning: Could not find TensorRT
/home/rhoffmann/.local/lib/python3.10/site-packages/tensorflow_addons/utils/tfa_eol_msg.py:23: UserWarning: 

TensorFlow Addons (TFA) has ended development and introduction of new features.
TFA has entered a minimal maintenance and release mode until a planned end of life in May 2024.
Please modify downstream libraries to take dependencies from other repositories in our TensorFlow community (e.g. Keras, Keras-CV, and Keras-NLP). 

For more information see: https://github.com/tensorflow/addons/issues/2807 

  warnings.warn(
WARNING:tensorflow:From /home/rhoffmann/G3LHalo_python/exampleNotebooks/GMNN_Bayesian_Optimization1.py:53: is_gpu_available (from tensorflow.python.framework.test_util) is deprecated and will be removed in a future version.
Instructions for updating:
Use `tf.config.list_physical_devices('GPU')` instead.
using cpu device 

Number of test samples is 7500, should be 7500
Number of validation samples is 7500, should be 7500
Number of train samples is 35000, should be 35000
/home/rhoffmann/G3LHalo_python/exampleNotebooks/GMNN_Bayesian_Optimization1.py:106: UserWarning: No artists with labels found to put in legend.  Note that artists whose label start with an underscore are ignored when legend() is called with no argument.
  axes.legend()
number of training targets: 35000 . Should be 35000
number of validation targets: 7500 . Should be 7500
number of test targets: 7500 . Should be 7500
Shape of training targets: (3, 35000, 50). Should be (3, 35000, 50)
Shape of testing targets: (3, 7500, 50). Should be (3, 7500, 50)
Shape of validation targets: (3, 7500, 50). Should be (3, 7500, 50)
input min/max: 1.168300956697601e-06 16.999974244680363
number of training features: 35000 . Should be 35000
number of validation features: 7500 . Should be 7500
number of test features: 7500 . Should be 7500
Train Rescaled Shape: (3, 35000, 50)
Test Rescaled Shape: (3, 7500, 50)
Val Rescaled Shape: (3, 7500, 50)
Train Rescaled Shape: (35000, 10)
Test Rescaled Shape: (7500, 10)
Val Rescaled Shape: (7500, 10)
[I 2025-05-14 23:09:41,743] A new study created in memory with name: no-name-5ed54118-1586-4ae3-a886-ec4e0f8d578e
Training model with params: layers=4, units=409, activation=tanh, optimizer=sgd, lr=0.00063629842457384
Finish Trainingstep 1 of 3 with lr=0.00063629842457384 and 1000 epochs
Finish Trainingstep 2 of 3 with lr=0.00063629842457384 and 1000 epochs
Finish Trainingstep 3 of 3 with lr=0.00063629842457384 and 10000 epochs
2025-05-15_13-13-04
[I 2025-05-15 13:13:05,432] Trial 0 finished with value: 0.006258267443627119 and parameters: {'n_layers': 4, 'n_units': 409, 'activation': 'tanh', 'lr': 0.00063629842457384, 'optimizer': 'sgd'}. Best is trial 0 with value: 0.006258267443627119.
Training model with params: layers=10, units=143, activation=relu, optimizer=rmsprop, lr=0.0002990065679871269
Finish Trainingstep 1 of 3 with lr=0.0002990065679871269 and 1000 epochs
Finish Trainingstep 2 of 3 with lr=0.0002990065679871269 and 1000 epochs
Finish Trainingstep 3 of 3 with lr=0.0002990065679871269 and 10000 epochs
2025-05-15_14-08-02
[I 2025-05-15 14:08:02,380] Trial 1 finished with value: 0.005800485610961914 and parameters: {'n_layers': 10, 'n_units': 143, 'activation': 'relu', 'lr': 0.0002990065679871269, 'optimizer': 'rmsprop'}. Best is trial 1 with value: 0.005800485610961914.
Training model with params: layers=4, units=174, activation=swish, optimizer=sgd, lr=0.00021147408613729875
Finish Trainingstep 1 of 3 with lr=0.00021147408613729875 and 1000 epochs
Finish Trainingstep 2 of 3 with lr=0.00021147408613729875 and 1000 epochs
Finish Trainingstep 3 of 3 with lr=0.00021147408613729875 and 10000 epochs
2025-05-16_05-49-16
[I 2025-05-16 05:49:16,880] Trial 2 finished with value: 0.02222490683197975 and parameters: {'n_layers': 4, 'n_units': 174, 'activation': 'swish', 'lr': 0.00021147408613729875, 'optimizer': 'sgd'}. Best is trial 1 with value: 0.005800485610961914.
Training model with params: layers=6, units=41, activation=gelu, optimizer=adam, lr=0.0003623584116031994
Finish Trainingstep 1 of 3 with lr=0.0003623584116031994 and 1000 epochs
Finish Trainingstep 2 of 3 with lr=0.0003623584116031994 and 1000 epochs
Finish Trainingstep 3 of 3 with lr=0.0003623584116031994 and 10000 epochs
2025-05-16_07-57-21
[I 2025-05-16 07:57:22,022] Trial 3 finished with value: 0.0006981994374655187 and parameters: {'n_layers': 6, 'n_units': 41, 'activation': 'gelu', 'lr': 0.0003623584116031994, 'optimizer': 'adam'}. Best is trial 3 with value: 0.0006981994374655187.
Training model with params: layers=9, units=274, activation=relu, optimizer=RAdam, lr=0.0008995511681675831
Finish Trainingstep 1 of 3 with lr=0.0008995511681675831 and 1000 epochs
Finish Trainingstep 2 of 3 with lr=0.0008995511681675831 and 1000 epochs
