nohup: ignoring input
2025-06-01 20:23:21.337410: I tensorflow/core/util/port.cc:110] oneDNN custom operations are on. You may see slightly different numerical results due to floating-point round-off errors from different computation orders. To turn them off, set the environment variable `TF_ENABLE_ONEDNN_OPTS=0`.
2025-06-01 20:23:21.342163: I tensorflow/tsl/cuda/cudart_stub.cc:28] Could not find cuda drivers on your machine, GPU will not be used.
2025-06-01 20:23:21.414447: I tensorflow/tsl/cuda/cudart_stub.cc:28] Could not find cuda drivers on your machine, GPU will not be used.
2025-06-01 20:23:21.415427: I tensorflow/core/platform/cpu_feature_guard.cc:182] This TensorFlow binary is optimized to use available CPU instructions in performance-critical operations.
To enable the following instructions: AVX2 AVX512F AVX512_VNNI AVX512_BF16 FMA, in other operations, rebuild TensorFlow with the appropriate compiler flags.
2025-06-01 20:23:24.884960: W tensorflow/compiler/tf2tensorrt/utils/py_utils.cc:38] TF-TRT Warning: Could not find TensorRT
/home/rhoffmann/.local/lib/python3.10/site-packages/tensorflow_addons/utils/tfa_eol_msg.py:23: UserWarning: 

TensorFlow Addons (TFA) has ended development and introduction of new features.
TFA has entered a minimal maintenance and release mode until a planned end of life in May 2024.
Please modify downstream libraries to take dependencies from other repositories in our TensorFlow community (e.g. Keras, Keras-CV, and Keras-NLP). 

For more information see: https://github.com/tensorflow/addons/issues/2807 

  warnings.warn(
WARNING:tensorflow:From /home/rhoffmann/G3LHalo_python/exampleNotebooks/GMNN_Bayesian_Optimization_1Halo.py:57: is_gpu_available (from tensorflow.python.framework.test_util) is deprecated and will be removed in a future version.
Instructions for updating:
Use `tf.config.list_physical_devices('GPU')` instead.
using cpu device 

Number of test samples is 7500, should be 7500
Number of validation samples is 7500, should be 7500
Number of train samples is 35000, should be 35000
/home/rhoffmann/G3LHalo_python/exampleNotebooks/GMNN_Bayesian_Optimization_1Halo.py:110: UserWarning: No artists with labels found to put in legend.  Note that artists whose label start with an underscore are ignored when legend() is called with no argument.
  axes.legend()
number of training targets: 35000 . Should be 35000
number of validation targets: 7500 . Should be 7500
number of test targets: 7500 . Should be 7500
Shape of training targets: (3, 35000, 50). Should be (3, 35000, 50)
Shape of testing targets: (3, 7500, 50). Should be (3, 7500, 50)
Shape of validation targets: (3, 7500, 50). Should be (3, 7500, 50)
input min/max: 1.168300956697601e-06 16.999974244680363
number of training features: 35000 . Should be 35000
number of validation features: 7500 . Should be 7500
number of test features: 7500 . Should be 7500
Train Rescaled Shape: (3, 35000, 50)
Test Rescaled Shape: (3, 7500, 50)
Val Rescaled Shape: (3, 7500, 50)
Train Rescaled Shape: (35000, 10)
Test Rescaled Shape: (7500, 10)
Val Rescaled Shape: (7500, 10)
using random seed:  102880
[I 2025-06-01 20:23:53,319] A new study created in memory with name: no-name-50060b5d-e728-4191-8c86-7ecbd0e69abc
Training model with params: layers=5, units=801, activation=selu, optimizer=RAdam, lr=0.0043476974110815084, batchsize=1582
Finish Trainingstep 1 of 3 with lr=0.0043476974110815084 and 1000 epochs
Finish Trainingstep 2 of 3 with lr=0.0043476974110815084 and 1000 epochs
Finish Trainingstep 3 of 3 with lr=0.0043476974110815084 and 10000 epochs
2025-06-01_21-36-27
[I 2025-06-01 21:36:28,013] Trial 0 finished with value: 0.003063337178900838 and parameters: {'n_layers': 5, 'n_units': 801, 'activation': 'selu', 'lr': 0.0043476974110815084, 'optimizer': 'RAdam', 'batch_size': 1582}. Best is trial 0 with value: 0.003063337178900838.
Training model with params: layers=11, units=714, activation=elu, optimizer=RAdam, lr=1.5129536789253706e-06, batchsize=1986
Finish Trainingstep 1 of 3 with lr=1.5129536789253706e-06 and 1000 epochs
Finish Trainingstep 2 of 3 with lr=1.5129536789253706e-06 and 1000 epochs
Finish Trainingstep 3 of 3 with lr=1.5129536789253706e-06 and 10000 epochs
2025-06-02_04-15-33
[I 2025-06-02 04:15:33,473] Trial 1 finished with value: 0.007613961584866047 and parameters: {'n_layers': 11, 'n_units': 714, 'activation': 'elu', 'lr': 1.5129536789253706e-06, 'optimizer': 'RAdam', 'batch_size': 1986}. Best is trial 0 with value: 0.003063337178900838.
Training model with params: layers=15, units=566, activation=gelu, optimizer=AdamW, lr=4.5303534234449366e-05, batchsize=1429
Finish Trainingstep 1 of 3 with lr=4.5303534234449366e-05 and 1000 epochs
Finish Trainingstep 2 of 3 with lr=4.5303534234449366e-05 and 1000 epochs
Finish Trainingstep 3 of 3 with lr=4.5303534234449366e-05 and 10000 epochs
2025-06-02_06-40-56
[I 2025-06-02 06:40:56,484] Trial 2 finished with value: 0.010959358885884285 and parameters: {'n_layers': 15, 'n_units': 566, 'activation': 'gelu', 'lr': 4.5303534234449366e-05, 'optimizer': 'AdamW', 'batch_size': 1429}. Best is trial 0 with value: 0.003063337178900838.
Training model with params: layers=7, units=521, activation=elu, optimizer=AdamW, lr=7.786044845569986e-06, batchsize=1556
Finish Trainingstep 1 of 3 with lr=7.786044845569986e-06 and 1000 epochs
Finish Trainingstep 2 of 3 with lr=7.786044845569986e-06 and 1000 epochs
Finish Trainingstep 3 of 3 with lr=7.786044845569986e-06 and 10000 epochs
2025-06-02_07-16-22
[I 2025-06-02 07:16:22,076] Trial 3 finished with value: 0.027937786653637886 and parameters: {'n_layers': 7, 'n_units': 521, 'activation': 'elu', 'lr': 7.786044845569986e-06, 'optimizer': 'AdamW', 'batch_size': 1556}. Best is trial 0 with value: 0.003063337178900838.
Training model with params: layers=12, units=825, activation=swish, optimizer=rmsprop, lr=6.815733377359622e-06, batchsize=134
